// Jest Snapshot v1, https://goo.gl/fbAQLP

exports[`renders as expected 1`] = `
<Fragment>
  <SplashPage />
  <Header />
  <BurgerMenu />
  <Switch>
    <Route
      path="/settings"
    >
      <Settings
        setSettings={[Function]}
        settings={
          Object {
            "currency": "usd",
            "liquidityWeight": 0.5,
            "rebalancePeriod": 30,
          }
        }
      />
    </Route>
    <Route
      path="/faq"
    >
      <FAQ />
    </Route>
    <Route
      path="/contact"
    >
      <Contact />
    </Route>
    <Route>
      <Loading />
    </Route>
  </Switch>
  <Disclaimer />
</Fragment>
`;
